Expected : 005e, Actual : zzzz
Expected : fe19, Actual : zzzz
Expected : ff05, Actual : zzzz
Expected : ffb5, Actual : zzzz
Expected : fde6, Actual : zzzz
Expected : ff77, Actual : zzzz
Expected : fec0, Actual : zzzz
Expected : 029a, Actual : zzzz
Expected : 00b2, Actual : zzzz
Expected : fea0, Actual : zzzz
Expected : 006f, Actual : zzzz
Expected : 0041, Actual : zzzz
Expected : feea, Actual : zzzz
Expected : ffed, Actual : zzzz
Expected : ffc5, Actual : zzzz
Expected : fd1e, Actual : zzzz
Expected : feee, Actual : zzzz
Expected : fd63, Actual : zzzz
Expected : fc64, Actual : zzzz
Expected : 0042, Actual : zzzz
Expected : fc9f, Actual : zzzz
Expected : fbb9, Actual : zzzz
Expected : 052e, Actual : zzzz
Expected : f89d, Actual : zzzz
Expected : 01a8, Actual : zzzz
Expected : 00b4, Actual : zzzz
Expected : f9ad, Actual : zzzz
Expected : 0063, Actual : zzzz
Expected : ffbc, Actual : zzzz
Expected : ff92, Actual : zzzz
Expected : ff59, Actual : zzzz
Expected : 0056, Actual : zzzz
Expected : 00c2, Actual : zzzz
Expected : fc92, Actual : zzzz
Expected : 00e3, Actual : zzzz
Expected : face, Actual : zzzz
Expected : ff2d, Actual : zzzz
Expected : 034e, Actual : zzzz
Expected : f92d, Actual : zzzz
Expected : 0526, Actual : zzzz
Expected : fa0a, Actual : zzzz
Expected : 006e, Actual : zzzz
Expected : 0603, Actual : zzzz
Expected : f929, Actual : zzzz
Expected : 00eb, Actual : zzzz
Expected : 018a, Actual : zzzz
Expected : 03d9, Actual : zzzz
Expected : fd8d, Actual : zzzz
Expected : ff89, Actual : zzzz
Expected : fea4, Actual : zzzz
Expected : 00b3, Actual : zzzz
Expected : 002b, Actual : zzzz
Expected : 011e, Actual : zzzz
Expected : fcbc, Actual : zzzz
Expected : 0147, Actual : zzzz
Expected : f5e1, Actual : zzzz
Expected : 0528, Actual : zzzz
Expected : fd89, Actual : zzzz
Expected : fc63, Actual : zzzz
Expected : 031e, Actual : zzzz
Expected : fc3d, Actual : zzzz
Expected : 01c2, Actual : zzzz
Expected : 00d7, Actual : zzzz
Expected : fdff, Actual : zzzz
Expected : febd, Actual : zzzz
Expected : 0325, Actual : zzzz
Expected : fb10, Actual : zzzz
Expected : 0101, Actual : zzzz
Expected : fdb9, Actual : zzzz
Expected : 0109, Actual : zzzz
Expected : fe75, Actual : zzzz
Expected : 0223, Actual : zzzz
Expected : fc8a, Actual : zzzz
Expected : ff59, Actual : zzzz
Expected : 02bf, Actual : zzzz
Expected : fa6b, Actual : zzzz
Expected : fd02, Actual : zzzz
Expected : 0545, Actual : zzzz
Expected : fd09, Actual : zzzz
Expected : 01fd, Actual : zzzz
Expected : 00a2, Actual : zzzz
Expected : f6e6, Actual : zzzz
Expected : 0787, Actual : zzzz
Expected : fcf9, Actual : zzzz
Expected : ff7f, Actual : zzzz
Expected : 02d2, Actual : zzzz
Expected : fc04, Actual : zzzz
Expected : feef, Actual : zzzz
Expected : 0049, Actual : zzzz
Expected : fe76, Actual : zzzz
Expected : ff95, Actual : zzzz
Expected : fc98, Actual : zzzz
Expected : 0158, Actual : zzzz
Expected : f8bb, Actual : zzzz
Expected : 0673, Actual : zzzz
Expected : fdee, Actual : zzzz
Expected : fc88, Actual : zzzz
Expected : 05ab, Actual : zzzz
Expected : f824, Actual : zzzz
Expected : 03aa, Actual : zzzz
Expected : 031d, Actual : zzzz
Expected : fb4a, Actual : zzzz
Expected : 013b, Actual : zzzz
Expected : 0043, Actual : zzzz
Expected : 0043, Actual : zzzz
Expected : ffce, Actual : zzzz
Expected : fcad, Actual : zzzz
Expected : fef6, Actual : zzzz
Expected : fdf5, Actual : zzzz
Expected : 01e2, Actual : zzzz
Expected : f9af, Actual : zzzz
Expected : 04a8, Actual : zzzz
Expected : 006c, Actual : zzzz
Expected : fa8b, Actual : zzzz
Expected : 01f7, Actual : zzzz
Expected : fccb, Actual : zzzz
Expected : fdcd, Actual : zzzz
Expected : 00a4, Actual : zzzz
Expected : fdc9, Actual : zzzz
Expected : ff96, Actual : zzzz
Expected : 0056, Actual : zzzz
Expected : fe15, Actual : zzzz
Expected : 0453, Actual : zzzz
Expected : fe63, Actual : zzzz
Expected : fe74, Actual : zzzz
Expected : f959, Actual : zzzz
Expected : 01aa, Actual : zzzz
Expected : fe59, Actual : zzzz
Expected : fec5, Actual : zzzz
Expected : 006d, Actual : zzzz
Expected : fe94, Actual : zzzz
Expected : 015f, Actual : zzzz
Expected : fc4f, Actual : zzzz
Expected : 0082, Actual : zzzz
Expected : fdae, Actual : zzzz
Expected : 02b9, Actual : zzzz
Expected : ff51, Actual : zzzz
Expected : 0178, Actual : zzzz
Expected : fcf8, Actual : zzzz
Expected : fc6f, Actual : zzzz
Expected : fdde, Actual : zzzz
Expected : 00ac, Actual : zzzz
Expected : 01f0, Actual : zzzz
Expected : 0035, Actual : zzzz
Expected : fe5d, Actual : zzzz
Expected : fcf0, Actual : zzzz
Expected : fcec, Actual : zzzz
Expected : feea, Actual : zzzz
Expected : 02bd, Actual : zzzz
Expected : fd91, Actual : zzzz
Expected : ff1c, Actual : zzzz
Expected : fc16, Actual : zzzz
Expected : 063b, Actual : zzzz
Expected : fc45, Actual : zzzz
Expected : feec, Actual : zzzz
Expected : 00b6, Actual : zzzz
Expected : fd5d, Actual : zzzz
Expected : fe65, Actual : zzzz
Expected : 0195, Actual : zzzz
Expected : fef2, Actual : zzzz
Expected : ff36, Actual : zzzz
Expected : fc71, Actual : zzzz
Expected : 0076, Actual : zzzz
Expected : 00d8, Actual : zzzz
Expected : fcb1, Actual : zzzz
Expected : ffe2, Actual : zzzz
Expected : fbf0, Actual : zzzz
Expected : 0082, Actual : zzzz
Expected : 0259, Actual : zzzz
Expected : ff08, Actual : zzzz
Expected : 029a, Actual : zzzz
Expected : fdc0, Actual : zzzz
Expected : 01ea, Actual : zzzz
Expected : ffb8, Actual : zzzz
Expected : ff75, Actual : zzzz
Expected : 0119, Actual : zzzz
Expected : ff68, Actual : zzzz
Expected : fef5, Actual : zzzz
Expected : feff, Actual : zzzz
Expected : fdc6, Actual : zzzz
Expected : 00a9, Actual : zzzz
Expected : fdc7, Actual : zzzz
Expected : fb9c, Actual : zzzz
Expected : 019f, Actual : zzzz
Expected : fb72, Actual : zzzz
Expected : 03dc, Actual : zzzz
Expected : fcae, Actual : zzzz
Expected : 0050, Actual : zzzz
Expected : 0051, Actual : zzzz
Expected : feb6, Actual : zzzz
Expected : ffae, Actual : zzzz
Expected : fda9, Actual : zzzz
Expected : 0064, Actual : zzzz
Expected : fc88, Actual : zzzz
Expected : 01de, Actual : zzzz
Expected : fef8, Actual : zzzz
Expected : 025a, Actual : zzzz
Expected : fc44, Actual : zzzz
Expected : ff95, Actual : zzzz
Expected : fced, Actual : zzzz
Expected : 022c, Actual : zzzz
Expected : f7d1, Actual : zzzz
Expected : 0636, Actual : zzzz
Expected : fe82, Actual : zzzz
Expected : ff1d, Actual : zzzz
Expected : ff25, Actual : zzzz
Expected : 039b, Actual : zzzz
Expected : fe60, Actual : zzzz
Expected : ff68, Actual : zzzz
Expected : 00f3, Actual : zzzz
Expected : f955, Actual : zzzz
Expected : 00b0, Actual : zzzz
Expected : 00af, Actual : zzzz
Expected : fc34, Actual : zzzz
Expected : ff00, Actual : zzzz
Expected : feb9, Actual : zzzz
Expected : f8a0, Actual : zzzz
Expected : 03a9, Actual : zzzz
Expected : fd17, Actual : zzzz
Expected : ff68, Actual : zzzz
Expected : ff65, Actual : zzzz
Expected : ff55, Actual : zzzz
Expected : fb86, Actual : zzzz
Expected : 020a, Actual : zzzz
Expected : 00d2, Actual : zzzz
Expected : fa05, Actual : zzzz
Expected : 026b, Actual : zzzz
Expected : fbc1, Actual : zzzz
Expected : fd57, Actual : zzzz
Expected : fe2e, Actual : zzzz
Expected : fc76, Actual : zzzz
Expected : fc91, Actual : zzzz
Expected : fd7e, Actual : zzzz
Expected : feae, Actual : zzzz
Expected : ffb8, Actual : zzzz
Expected : fe9e, Actual : zzzz
Expected : 0010, Actual : zzzz
Expected : f8fc, Actual : zzzz
Expected : fda4, Actual : zzzz
Expected : ff10, Actual : zzzz
Expected : ff73, Actual : zzzz
Expected : 018a, Actual : zzzz
Expected : fe71, Actual : zzzz
Expected : 00fd, Actual : zzzz
Expected : 0008, Actual : zzzz
Expected : 00b7, Actual : zzzz
Expected : 0355, Actual : zzzz
Expected : fdb3, Actual : zzzz
Expected : 0027, Actual : zzzz
Expected : feb2, Actual : zzzz
Expected : febf, Actual : zzzz
Expected : 0258, Actual : zzzz
Expected : 0165, Actual : zzzz
Expected : 0058, Actual : zzzz
Expected : feab, Actual : zzzz
Expected : ff16, Actual : zzzz
